// Jest Snapshot v1, https://goo.gl/fbAQLP

exports[`Pruebas en <FirstApp />  Debe hacer match con el snapshot 1`] = `
<div>
  <h1
    data-testid="test-title"
  >
     
    Hola, soy Cony
     
  </h1>
  <p>
    No hay subtitulo
  </p>
  <p>
    No hay subtitulo
  </p>
  <p>
    Constanza Becerra
  </p>
</div>
`;
