// Jest Snapshot v1, https://goo.gl/fbAQLP

exports[`Pruebas en <FirstApp />  Debe hacer match con el snapshot 1`] = `
<div>
  <div
    data-testid="test-title"
  >
     
    Hola, soy Cami
     
  </div>
  <p>
    No hay subtitulo
  </p>
  <p>
    Constanza Becerra
  </p>
</div>
`;
